[backblue.gif]
[fade.gif]
[index.html]
[www.species-in-pieces.com/img/og-image.png]
[species-in-pieces.com/favicon.ico]
[species-in-pieces.com/css/fallbacks.min.css]
[connect.facebook.net/en_US/sdk.js]
[species-in-pieces.com/img/assets/polygon-demo.png]
[species-in-pieces.com/img/assets/poster-small.jpg]
[species-in-pieces.com/img/assets/poster-detail-1.jpg]
[species-in-pieces.com/img/assets/poster-detail-2.png]
[species-in-pieces.com/img/assets/wallpapers/all-animals/all-animals_1366x768.png]
[species-in-pieces.com/img/assets/wallpapers/all-animals/all-animals_2560x1600.png]
[species-in-pieces.com/img/assets/wallpapers/all-animals/all-animals_1920x1080.png]
[species-in-pieces.com/img/assets/wallpapers/all-animals/all-animals_1024x1024.png]
[species-in-pieces.com/img/assets/wallpapers/all-animals/iphone_frog.png]
[species-in-pieces.com/img/assets/wallpapers/all-animals/iphone_oryx.png]
[species-in-pieces.com/img/assets/wallpapers/all-animals/iphone_birdwing.png]
[apis.google.com/js/platform.js]
[www.google-analytics.com/analytics.js]
[species-in-pieces.com/index.html]
[species-in-pieces.com/fonts/blocextcond.eot]
[species-in-pieces.com/fonts/blocextcond.woff]
[species-in-pieces.com/fonts/blocextcondd41d.eot]
[species-in-pieces.com/fonts/blocextcond.ttf]
[species-in-pieces.com/img/fallbacks/smash-fake.png]
[species-in-pieces.com/img/bg/grad-bg.png]
[species-in-pieces.com/img/textured-ui/black-texture.png]
[species-in-pieces.com/img/transparent.png]
[species-in-pieces.com/img/textured-ui/play-icon.png]
[species-in-pieces.com/img/textured-ui/video-mask.png]
[species-in-pieces.com/img/textured-ui/red-texture.png]
[species-in-pieces.com/img/textured-ui/red-texture-2.png]
[species-in-pieces.com/img/textured-ui/green-texture.png]
[species-in-pieces.com/img/textured-ui/green-texture-less.png]
[species-in-pieces.com/img/textured-ui/repeat-white.png]
[species-in-pieces.com/img/textured-ui/mini-texture.png]
[species-in-pieces.com/img/textured-ui/popout-mid.png]
[species-in-pieces.com/img/textured-ui/popout-left.png]
[species-in-pieces.com/img/textured-ui/popout-right.png]
[species-in-pieces.com/img/textured-ui/popout-red-mid.png]
[species-in-pieces.com/img/textured-ui/popout-red-end.png]
[species-in-pieces.com/img/textured-ui/green-texture-circle.png]
[species-in-pieces.com/img/textured-ui/mute-1.png]
[species-in-pieces.com/img/textured-ui/mute-2.png]
[species-in-pieces.com/img/textured-ui/threat.png]
[species-in-pieces.com/img/textured-ui/social.png]
[species-in-pieces.com/img/blood.png]
[species-in-pieces.com/css/main.css]
[species-in-pieces.com/img/fallbacks/fallback_crow.png]
[species-in-pieces.com/img/fallbacks/fallback_vaquita.png]
[species-in-pieces.com/img/fallbacks/fallback_tamarin.png]
[species-in-pieces.com/img/fallbacks/fallback_frog.png]
[species-in-pieces.com/img/fallbacks/fallback_owl.png]
[species-in-pieces.com/img/fallbacks/fallback_turtle.png]
[species-in-pieces.com/img/fallbacks/fallback_oryx.png]
[species-in-pieces.com/img/fallbacks/fallback_iguana.png]
[species-in-pieces.com/img/fallbacks/fallback_seahorse.png]
[species-in-pieces.com/img/fallbacks/fallback_armadillo.png]
[species-in-pieces.com/img/fallbacks/fallback_sloth.png]
[species-in-pieces.com/img/fallbacks/fallback_kakapo.png]
[species-in-pieces.com/img/fallbacks/fallback_echidna.png]
[species-in-pieces.com/img/fallbacks/fallback_penguin.png]
[species-in-pieces.com/img/fallbacks/fallback_damselfly.png]
[species-in-pieces.com/img/fallbacks/fallback_bear.png]
[species-in-pieces.com/img/fallbacks/fallback_parrotfish.png]
[species-in-pieces.com/img/fallbacks/fallback_camel.png]
[species-in-pieces.com/img/fallbacks/fallback_butterfly.png]
[species-in-pieces.com/img/fallbacks/fallback_ostrich.png]
[species-in-pieces.com/img/fallbacks/fallback_panda.png]
[species-in-pieces.com/img/fallbacks/fallback_tapir.png]
[species-in-pieces.com/img/fallbacks/fallback_sifaka.png]
[species-in-pieces.com/img/fallbacks/fallback_lynx.png]
[species-in-pieces.com/img/fallbacks/fallback_rhino.png]
[species-in-pieces.com/img/fallbacks/fallback_peccary.png]
[species-in-pieces.com/img/fallbacks/fallback_okapi.png]
[species-in-pieces.com/img/fallbacks/fallback_loris.png]
[species-in-pieces.com/img/fallbacks/fallback_hirola.png]
[species-in-pieces.com/img/fallbacks/fallback_drill.png]
[species-in-pieces.com/img/fallbacks/ui_all.png]
[species-in-pieces.com/css/fallbacks.min.css]
[species-in-pieces.com/js/soundmanager2-nodebug-jsmin.js]
[species-in-pieces.com/js/modernizr.custom.16411.js]
[connect.facebook.net/en_US/sdk.js]
[species-in-pieces.com/img/features/fwa.svg]
[species-in-pieces.com/img/features/awwwards.svg]
[species-in-pieces.com/js/jquery-1.8.2.min.js]
[species-in-pieces.com/js/vars.min.js]
[species-in-pieces.com/img/textured-ui/white-texture.png]
[species-in-pieces.com/js/main.min.js]
[species-in-pieces.com/fonts/blocextcond.svg]
[species-in-pieces.com/img/svg/border.svg]
[species-in-pieces.com/img/svg/border-vert.svg]
[species-in-pieces.com/img/svg/corner.svg]
[species-in-pieces.com/ABCDEFGHIJKLMNOPQRSTUVWXYZabcdefghijklmnopqrstuvwxyz0123456789+/index.html]
[species-in-pieces.com/restserver.html]
[species-in-pieces.com/dialog/index.html]
[species-in-pieces.com/%s/profile4d6d.html]
